✔ permanent reference is database-generated and cannot be supplied by Admin UI/API (1.763203ms)
✔ database sequence plus unique indexes are authoritative for permanent and operation identity (0.240833ms)
✔ legacy spoofable RPC signature is removed and replacement remains service-role only (0.293772ms)
✔ Cash identity is immutable while receipt remains a separate identifier (0.297087ms)
✔ same logical operation replays one payment and one subscription (0.605371ms)
✔ concurrent double-submit with same operation key produces one payment (0.337979ms)
✔ distinct legitimate operations receive distinct canonical references (0.406131ms)
✔ conflicting replay is rejected rather than reusing identity for another payment (0.68439ms)
✔ failed operation leaves no payment/subscription and same operation can retry (0.381354ms)
✔ authorization, amount/currency, and student-beneficiary controls remain (3.980191ms)
✔ activation core and audit contract are reused, not redesigned (0.319551ms)
✔ Admin displays generated reference and Audit note remains separate and optional (0.419251ms)
✔ G5-STUDENT-001 remains present and is not rewritten by the Admin migration (0.151949ms)
✔ CORR-001 rejects NULL and empty beneficiary sets before persistence (0.213081ms)
✔ CORR-001 database boundary canonicalizes NULL and rejects zero beneficiaries before reference allocation (0.414143ms)
✔ CORR-001 valid single and family beneficiaries retain success and capacity semantics (0.304138ms)
✔ CORR-001 wrong Parent, non-Grade-5 equivalent, and over-capacity selections remain rejected (0.223727ms)
✔ CORR-001 valid beneficiary replay remains idempotent and changed beneficiary set conflicts (0.140171ms)
✔ CORR-001 preserves reference generation, receipt separation, service-role boundary, and student isolation (0.243737ms)
✔ strict date-only validator accepts real calendar dates and rejects coercible impostors (56.330035ms)
✔ Admin and API preserve YYYY-MM-DD without JavaScript Date reconstruction (0.439872ms)
✔ timezone context cannot change the date-only application value (0.955578ms)
✔ date schema is additive, immutable, and does not backfill legacy paid_at (0.340332ms)
✔ Cash v2 generates references directly from date and retires the timestamp overload (0.277618ms)
✔ Cash v2 preserves beneficiary, amount, currency, activation, audit, and replay controls (0.163386ms)
✔ cross-namespace reference registry is the transactional uniqueness authority (0.188364ms)
✔ supersession is append-only, one-per-payment, idempotent, and preserves the payment (0.188814ms)
✔ synthetic supersession replays once, rejects conflicts, and resolves corrected identity (0.763589ms)
✔ accounting resolver owns legacy, new-date, and corrected precedence (0.345139ms)
✔ seven-day extension is atomic, immutable, and replay-safe (0.208094ms)
✔ synthetic courtesy replay remains exactly X plus seven, never X plus fourteen (0.246972ms)
✔ new privileged surfaces are service-role-only with RLS and controlled search paths (0.279971ms)
✔ no customer-specific remediation or generic correction UI enters the candidate (0.206451ms)
✔ AS-003 adapter has 45 exact ordered identities and empty activities/eligibility; no lesson inference (3.542662ms)
✔ all 16 existing lessons/questions and original runner remain byte-preserved except exact navigation entry (19.00325ms)
✔ hierarchy rejects foreign IDs and exact O4 transitions retain subject/term/topic (0.594505ms)
✔ missing/held/stale/unknown short-circuit even a provider offering raw questions (0.447814ms)
✔ only explicit approved semantic certification, exact scope/revision and topic-practice mode can supply questions (1.46197ms)
✔ provider snapshots approved content and cannot mutate registry through returned questions (0.308394ms)
✔ provider errors, mismatched results, timeout and cancellation fail closed without fallback (6.094251ms)
✔ Grade 4 and Grade 6 fixture adapters render without Grade 5 truth (65.219592ms)
✔ empty subject/term/topic states retain breadcrumb navigation (156.179633ms)
✔ unmapped learning and held Practice have usable onward navigation; no question render (56.30697ms)
✔ available Practice integrates exact O4 callbacks and optional explicit learner/events (33.650362ms)
✔ no sink means no persistence or implicit learner resolution; failing sink does not obstruct navigation (80.84296ms)
✔ actual transient runner preserves scoring/percentage, answer lock and exactly three result actions; retry resets same set (7.842352ms)
✔ late provider results after leaving Practice are ignored (27.209529ms)
✔ stored-result context requires explicit learner at type boundary and no storage operation exists (837.000239ms)
✔ reselecting Practice does not erase a resolved result or restart indefinite loading (87.71343ms)
✔ Learning Activities are ordered supplied content and Mock Test remains a link only (67.660711ms)
✔ two siblings and identical names across families remain separate; issued certificates follow explicit child (124.48915ms)
✔ missing, malformed, forged, contradictory, unauthenticated and non-Parent submissions persist nothing (244.438863ms)
✔ result reader requires explicit owned child and rejects missing or unowned identities (26.188573ms)
✔ ambiguous and contradictory legacy rows never enter dashboard statistics or certificate output (28.459544ms)
✔ certificate thresholds remain at least 80 percent AND 40 questions, never synthetic from scores alone (68.948034ms)
✔ exact and concurrent retries persist one result and one certificate; conflicting retry fails closed (12.075202ms)
✔ failed result writes persist nothing; partial certificate failure retries same attempt without duplicate result (27.37618ms)
✔ attempt capture survives selection switching; session changes cannot reattribute; retries retain completion identity (3.40246ms)
✔ admin matching uses both parent and child; no name/sole-child fallback for ambiguous legacy (4.961116ms)
✔ actual admin reporting keeps administrative authorization and excludes contradictory ownership attribution (61.086106ms)
✔ dashboard/certificates cancel stale requests and never synthesize certificates or parent-wide progress (0.573333ms)
▶ all 225 accepted census entries have exact implementation evidence and protected assessment data
  ✔ app/api/performance/save-result/route.ts:54 direct_result_writer (4.395435ms)
  ✔ app/dashboard/page.tsx:161 dashboard_api_caller (10.595606ms)
  ✔ app/mock-tests/literacy/difficult-1/page.tsx:751 shared_saver_caller (42.388253ms)
  ✔ app/mock-tests/literacy/difficult-10/page.tsx:751 shared_saver_caller (36.237736ms)
  ✔ app/mock-tests/literacy/difficult-2/page.tsx:759 shared_saver_caller (41.287436ms)
  ✔ app/mock-tests/literacy/difficult-3/page.tsx:759 shared_saver_caller (51.838314ms)
  ✔ app/mock-tests/literacy/difficult-4/page.tsx:745 shared_saver_caller (30.911821ms)
  ✔ app/mock-tests/literacy/difficult-5/page.tsx:753 shared_saver_caller (24.213666ms)
  ✔ app/mock-tests/literacy/difficult-6/page.tsx:690 shared_saver_caller (25.228188ms)
  ✔ app/mock-tests/literacy/difficult-7/page.tsx:811 shared_saver_caller (38.0079ms)
  ✔ app/mock-tests/literacy/difficult-8/page.tsx:811 shared_saver_caller (27.291913ms)
  ✔ app/mock-tests/literacy/difficult-9/page.tsx:749 shared_saver_caller (24.424908ms)
  ✔ app/mock-tests/literacy/easy-1/page.tsx:666 shared_saver_caller (26.194892ms)
  ✔ app/mock-tests/literacy/easy-10/page.tsx:729 shared_saver_caller (39.400555ms)
  ✔ app/mock-tests/literacy/easy-2/page.tsx:585 shared_saver_caller (63.946496ms)
  ✔ app/mock-tests/literacy/easy-3/page.tsx:715 shared_saver_caller (45.056438ms)
  ✔ app/mock-tests/literacy/easy-4/page.tsx:710 shared_saver_caller (43.340205ms)
  ✔ app/mock-tests/literacy/easy-5/page.tsx:710 shared_saver_caller (37.51565ms)
  ✔ app/mock-tests/literacy/easy-6/page.tsx:725 shared_saver_caller (40.873312ms)
  ✔ app/mock-tests/literacy/easy-7/page.tsx:705 shared_saver_caller (39.673097ms)
  ✔ app/mock-tests/literacy/easy-8/page.tsx:704 shared_saver_caller (30.856708ms)
  ✔ app/mock-tests/literacy/easy-9/page.tsx:727 shared_saver_caller (52.284646ms)
  ✔ app/mock-tests/literacy/mixed-1/page.tsx:702 shared_saver_caller (44.512945ms)
  ✔ app/mock-tests/literacy/mixed-10/page.tsx:52 shared_saver_caller (22.636752ms)
  ✔ app/mock-tests/literacy/mixed-2/page.tsx:713 shared_saver_caller (39.674088ms)
  ✔ app/mock-tests/literacy/mixed-3/page.tsx:713 shared_saver_caller (30.102118ms)
  ✔ app/mock-tests/literacy/mixed-4/page.tsx:713 shared_saver_caller (31.041561ms)
  ✔ app/mock-tests/literacy/mixed-5/page.tsx:863 shared_saver_caller (38.517862ms)
  ✔ app/mock-tests/literacy/mixed-6/page.tsx:64 shared_saver_caller (25.701129ms)
  ✔ app/mock-tests/literacy/mixed-7/page.tsx:87 shared_saver_caller (44.102627ms)
  ✔ app/mock-tests/literacy/mixed-8/page.tsx:82 shared_saver_caller (25.04047ms)
  ✔ app/mock-tests/literacy/mixed-9/page.tsx:105 shared_saver_caller (28.247821ms)
  ✔ app/mock-tests/literacy/moderate-1/page.tsx:667 shared_saver_caller (31.913012ms)
  ✔ app/mock-tests/literacy/moderate-10/page.tsx:196 shared_saver_caller (25.18966ms)
  ✔ app/mock-tests/literacy/moderate-2/page.tsx:712 shared_saver_caller (33.136454ms)
  ✔ app/mock-tests/literacy/moderate-3/page.tsx:712 shared_saver_caller (32.631914ms)
  ✔ app/mock-tests/literacy/moderate-4/page.tsx:528 shared_saver_caller (26.265398ms)
  ✔ app/mock-tests/literacy/moderate-5/page.tsx:512 shared_saver_caller (34.295974ms)
  ✔ app/mock-tests/literacy/moderate-6/page.tsx:192 shared_saver_caller (30.408212ms)
  ✔ app/mock-tests/literacy/moderate-7/page.tsx:192 shared_saver_caller (30.914946ms)
  ✔ app/mock-tests/literacy/moderate-8/page.tsx:196 shared_saver_caller (30.691755ms)
  ✔ app/mock-tests/literacy/moderate-9/page.tsx:196 shared_saver_caller (29.364958ms)
  ✔ app/mock-tests/mathematics/easy-1/page.tsx:629 shared_saver_caller (32.551127ms)
  ✔ app/mock-tests/numeracy/difficult-10/page.tsx:637 shared_saver_caller (39.450266ms)
  ✔ app/mock-tests/numeracy/difficult-2/page.tsx:637 shared_saver_caller (44.175492ms)
  ✔ app/mock-tests/numeracy/difficult-3/page.tsx:637 shared_saver_caller (27.151822ms)
  ✔ app/mock-tests/numeracy/difficult-4/page.tsx:637 shared_saver_caller (29.279194ms)
  ✔ app/mock-tests/numeracy/difficult-5/page.tsx:637 shared_saver_caller (31.449931ms)
  ✔ app/mock-tests/numeracy/difficult-6/page.tsx:637 shared_saver_caller (24.037034ms)
  ✔ app/mock-tests/numeracy/difficult-7/page.tsx:637 shared_saver_caller (22.942919ms)
  ✔ app/mock-tests/numeracy/difficult-8/page.tsx:637 shared_saver_caller (31.924414ms)
  ✔ app/mock-tests/numeracy/difficult-9/page.tsx:637 shared_saver_caller (24.808405ms)
  ✔ app/mock-tests/numeracy/easy-1/page.tsx:617 shared_saver_caller (44.88525ms)
  ✔ app/mock-tests/numeracy/easy-2/page.tsx:618 shared_saver_caller (27.467703ms)
  ✔ app/mock-tests/numeracy/moderate-1/page.tsx:79 shared_saver_caller (23.17645ms)
  ✔ app/mock-tests/numeracy/moderate-10/page.tsx:637 shared_saver_caller (34.889978ms)
  ✔ app/mock-tests/numeracy/moderate-2/page.tsx:637 shared_saver_caller (40.443956ms)
  ✔ app/mock-tests/numeracy/moderate-3/page.tsx:637 shared_saver_caller (21.85441ms)
  ✔ app/mock-tests/numeracy/moderate-4/page.tsx:637 shared_saver_caller (23.634579ms)
  ✔ app/mock-tests/numeracy/moderate-5/page.tsx:637 shared_saver_caller (28.622741ms)
  ✔ app/mock-tests/numeracy/moderate-6/page.tsx:637 shared_saver_caller (35.000353ms)
  ✔ app/mock-tests/numeracy/moderate-7/page.tsx:637 shared_saver_caller (26.084446ms)
  ✔ app/mock-tests/numeracy/moderate-8/page.tsx:637 shared_saver_caller (25.153014ms)
  ✔ app/mock-tests/numeracy/moderate-9/page.tsx:637 shared_saver_caller (30.824079ms)
  ✔ app/mock-tests/performance/language-arts/difficult-1/page.tsx:165 direct_result_writer (45.692655ms)
  ✔ app/mock-tests/performance/language-arts/difficult-10/page.tsx:175 direct_result_writer (24.631364ms)
  ✔ app/mock-tests/performance/language-arts/difficult-2/page.tsx:175 direct_result_writer (30.582465ms)
  ✔ app/mock-tests/performance/language-arts/difficult-3/page.tsx:175 direct_result_writer (26.999853ms)
  ✔ app/mock-tests/performance/language-arts/difficult-4/page.tsx:175 direct_result_writer (66.906816ms)
  ✔ app/mock-tests/performance/language-arts/difficult-5/page.tsx:175 direct_result_writer (28.957049ms)
  ✔ app/mock-tests/performance/language-arts/difficult-6/page.tsx:175 direct_result_writer (21.415709ms)
  ✔ app/mock-tests/performance/language-arts/difficult-7/page.tsx:175 direct_result_writer (31.848616ms)
  ✔ app/mock-tests/performance/language-arts/difficult-8/page.tsx:175 direct_result_writer (30.343566ms)
  ✔ app/mock-tests/performance/language-arts/difficult-9/page.tsx:175 direct_result_writer (29.751124ms)
  ✔ app/mock-tests/performance/language-arts/easy-1/page.tsx:273 performance_api_caller (33.506626ms)
  ✔ app/mock-tests/performance/language-arts/easy-10/page.tsx:145 direct_result_writer (129.355133ms)
  ✔ app/mock-tests/performance/language-arts/easy-2/page.tsx:145 direct_result_writer (21.653047ms)
  ✔ app/mock-tests/performance/language-arts/easy-3/page.tsx:145 direct_result_writer (37.703552ms)
  ✔ app/mock-tests/performance/language-arts/easy-4/page.tsx:145 direct_result_writer (23.026073ms)
  ✔ app/mock-tests/performance/language-arts/easy-5/page.tsx:145 direct_result_writer (22.091747ms)
  ✔ app/mock-tests/performance/language-arts/easy-6/page.tsx:145 direct_result_writer (22.242283ms)
  ✔ app/mock-tests/performance/language-arts/easy-7/page.tsx:145 direct_result_writer (23.504473ms)
  ✔ app/mock-tests/performance/language-arts/easy-8/page.tsx:145 direct_result_writer (22.035122ms)
  ✔ app/mock-tests/performance/language-arts/easy-9/page.tsx:145 direct_result_writer (19.558805ms)
  ✔ app/mock-tests/performance/language-arts/mixed-1/page.tsx:155 direct_result_writer (22.63213ms)
  ✔ app/mock-tests/performance/language-arts/mixed-10/page.tsx:165 direct_result_writer (22.910544ms)
  ✔ app/mock-tests/performance/language-arts/mixed-2/page.tsx:165 direct_result_writer (35.016247ms)
  ✔ app/mock-tests/performance/language-arts/mixed-3/page.tsx:165 direct_result_writer (18.252168ms)
  ✔ app/mock-tests/performance/language-arts/mixed-4/page.tsx:165 direct_result_writer (16.974396ms)
  ✔ app/mock-tests/performance/language-arts/mixed-5/page.tsx:165 direct_result_writer (17.236189ms)
  ✔ app/mock-tests/performance/language-arts/mixed-6/page.tsx:165 direct_result_writer (17.930224ms)
  ✔ app/mock-tests/performance/language-arts/mixed-7/page.tsx:165 direct_result_writer (19.113345ms)
  ✔ app/mock-tests/performance/language-arts/mixed-8/page.tsx:165 direct_result_writer (17.333306ms)
  ✔ app/mock-tests/performance/language-arts/mixed-9/page.tsx:165 direct_result_writer (19.396842ms)
  ✔ app/mock-tests/performance/language-arts/moderate-1/page.tsx:165 direct_result_writer (29.60948ms)
  ✔ app/mock-tests/performance/language-arts/moderate-10/page.tsx:165 direct_result_writer (18.130645ms)
  ✔ app/mock-tests/performance/language-arts/moderate-2/page.tsx:165 direct_result_writer (22.249871ms)
  ✔ app/mock-tests/performance/language-arts/moderate-3/page.tsx:165 direct_result_writer (21.751616ms)
  ✔ app/mock-tests/performance/language-arts/moderate-4/page.tsx:165 direct_result_writer (20.175183ms)
  ✔ app/mock-tests/performance/language-arts/moderate-5/page.tsx:165 direct_result_writer (19.252788ms)
  ✔ app/mock-tests/performance/language-arts/moderate-6/page.tsx:165 direct_result_writer (22.208067ms)
  ✔ app/mock-tests/performance/language-arts/moderate-7/page.tsx:165 direct_result_writer (26.788104ms)
  ✔ app/mock-tests/performance/language-arts/moderate-8/page.tsx:165 direct_result_writer (23.894835ms)
  ✔ app/mock-tests/performance/language-arts/moderate-9/page.tsx:165 direct_result_writer (31.875406ms)
  ✔ app/mock-tests/performance/mathematics/difficult-1/page.tsx:151 direct_result_writer (30.962712ms)
  ✔ app/mock-tests/performance/mathematics/difficult-10/page.tsx:152 direct_result_writer (24.807284ms)
  ✔ app/mock-tests/performance/mathematics/difficult-2/page.tsx:151 direct_result_writer (21.797655ms)
  ✔ app/mock-tests/performance/mathematics/difficult-3/page.tsx:151 direct_result_writer (18.265308ms)
  ✔ app/mock-tests/performance/mathematics/difficult-4/page.tsx:150 direct_result_writer (19.69583ms)
  ✔ app/mock-tests/performance/mathematics/difficult-5/page.tsx:152 direct_result_writer (20.639151ms)
  ✔ app/mock-tests/performance/mathematics/difficult-6/page.tsx:150 direct_result_writer (24.284167ms)
  ✔ app/mock-tests/performance/mathematics/difficult-7/page.tsx:151 direct_result_writer (25.618845ms)
  ✔ app/mock-tests/performance/mathematics/difficult-9/page.tsx:150 direct_result_writer (29.561839ms)
  ✔ app/mock-tests/performance/mathematics/easy-1/page.tsx:151 direct_result_writer (21.474858ms)
  ✔ app/mock-tests/performance/mathematics/easy-10/page.tsx:150 direct_result_writer (19.05717ms)
  ✔ app/mock-tests/performance/mathematics/easy-2/page.tsx:150 direct_result_writer (19.410982ms)
  ✔ app/mock-tests/performance/mathematics/easy-3/page.tsx:151 direct_result_writer (17.203811ms)
  ✔ app/mock-tests/performance/mathematics/easy-4/page.tsx:151 direct_result_writer (17.777955ms)
  ✔ app/mock-tests/performance/mathematics/easy-5/page.tsx:150 direct_result_writer (22.040129ms)
  ✔ app/mock-tests/performance/mathematics/easy-6/page.tsx:151 direct_result_writer (32.431918ms)
  ✔ app/mock-tests/performance/mathematics/easy-7/page.tsx:150 direct_result_writer (19.868502ms)
  ✔ app/mock-tests/performance/mathematics/easy-8/page.tsx:151 direct_result_writer (22.405119ms)
  ✔ app/mock-tests/performance/mathematics/easy-9/page.tsx:150 direct_result_writer (21.537087ms)
  ✔ app/mock-tests/performance/mathematics/mixed-1/page.tsx:151 direct_result_writer (29.820649ms)
  ✔ app/mock-tests/performance/mathematics/mixed-10/page.tsx:151 direct_result_writer (22.517172ms)
  ✔ app/mock-tests/performance/mathematics/mixed-2/page.tsx:151 direct_result_writer (25.698985ms)
  ✔ app/mock-tests/performance/mathematics/mixed-3/page.tsx:151 direct_result_writer (25.666346ms)
  ✔ app/mock-tests/performance/mathematics/mixed-4/page.tsx:150 direct_result_writer (24.520282ms)
  ✔ app/mock-tests/performance/mathematics/mixed-5/page.tsx:151 direct_result_writer (26.519701ms)
  ✔ app/mock-tests/performance/mathematics/mixed-6/page.tsx:151 direct_result_writer (22.726557ms)
  ✔ app/mock-tests/performance/mathematics/mixed-7/page.tsx:150 direct_result_writer (23.577793ms)
  ✔ app/mock-tests/performance/mathematics/mixed-8/page.tsx:151 direct_result_writer (30.823929ms)
  ✔ app/mock-tests/performance/mathematics/mixed-9/page.tsx:150 direct_result_writer (16.437818ms)
  ✔ app/mock-tests/performance/mathematics/moderate-1/page.tsx:151 direct_result_writer (19.591845ms)
  ✔ app/mock-tests/performance/mathematics/moderate-10/page.tsx:151 direct_result_writer (16.116845ms)
  ✔ app/mock-tests/performance/mathematics/moderate-2/page.tsx:152 direct_result_writer (16.177897ms)
  ✔ app/mock-tests/performance/mathematics/moderate-3/page.tsx:151 direct_result_writer (16.248904ms)
  ✔ app/mock-tests/performance/mathematics/moderate-4/page.tsx:151 direct_result_writer (17.818275ms)
  ✔ app/mock-tests/performance/mathematics/moderate-5/page.tsx:150 direct_result_writer (14.392089ms)
  ✔ app/mock-tests/performance/mathematics/moderate-6/page.tsx:151 direct_result_writer (15.832957ms)
  ✔ app/mock-tests/performance/mathematics/moderate-7/page.tsx:151 direct_result_writer (24.00082ms)
  ✔ app/mock-tests/performance/mathematics/moderate-8/page.tsx:151 direct_result_writer (18.034301ms)
  ✔ app/mock-tests/performance/mathematics/moderate-9/page.tsx:150 direct_result_writer (16.883198ms)
  ✔ app/mock-tests/science/difficult-1/page.tsx:636 shared_saver_caller (19.599777ms)
  ✔ app/mock-tests/science/difficult-10/page.tsx:636 shared_saver_caller (18.420381ms)
  ✔ app/mock-tests/science/difficult-2/page.tsx:636 shared_saver_caller (18.530438ms)
  ✔ app/mock-tests/science/difficult-3/page.tsx:636 shared_saver_caller (19.869483ms)
  ✔ app/mock-tests/science/difficult-4/page.tsx:636 shared_saver_caller (20.136173ms)
  ✔ app/mock-tests/science/difficult-5/page.tsx:636 shared_saver_caller (27.228198ms)
  ✔ app/mock-tests/science/difficult-6/page.tsx:636 shared_saver_caller (19.081867ms)
  ✔ app/mock-tests/science/difficult-7/page.tsx:636 shared_saver_caller (17.919858ms)
  ✔ app/mock-tests/science/difficult-8/page.tsx:636 shared_saver_caller (17.618225ms)
  ✔ app/mock-tests/science/difficult-9/page.tsx:636 shared_saver_caller (29.386676ms)
  ✔ app/mock-tests/science/easy-1/page.tsx:636 shared_saver_caller (19.760128ms)
  ✔ app/mock-tests/science/easy-10/page.tsx:636 shared_saver_caller (18.855596ms)
  ✔ app/mock-tests/science/easy-2/page.tsx:636 shared_saver_caller (18.900264ms)
  ✔ app/mock-tests/science/easy-3/page.tsx:636 shared_saver_caller (26.834404ms)
  ✔ app/mock-tests/science/easy-4/page.tsx:636 shared_saver_caller (18.615225ms)
  ✔ app/mock-tests/science/easy-5/page.tsx:636 shared_saver_caller (18.438539ms)
  ✔ app/mock-tests/science/easy-6/page.tsx:636 shared_saver_caller (18.008292ms)
  ✔ app/mock-tests/science/easy-7/page.tsx:636 shared_saver_caller (19.195187ms)
  ✔ app/mock-tests/science/easy-8/page.tsx:636 shared_saver_caller (17.828691ms)
  ✔ app/mock-tests/science/easy-9/page.tsx:636 shared_saver_caller (19.501548ms)
  ✔ app/mock-tests/science/mixed-1/page.tsx:636 shared_saver_caller (17.117261ms)
  ✔ app/mock-tests/science/mixed-10/page.tsx:636 shared_saver_caller (26.04697ms)
  ✔ app/mock-tests/science/mixed-2/page.tsx:636 shared_saver_caller (24.658871ms)
  ✔ app/mock-tests/science/mixed-3/page.tsx:636 shared_saver_caller (19.353396ms)
  ✔ app/mock-tests/science/mixed-4/page.tsx:636 shared_saver_caller (17.328028ms)
  ✔ app/mock-tests/science/mixed-5/page.tsx:636 shared_saver_caller (16.719171ms)
  ✔ app/mock-tests/science/mixed-6/page.tsx:636 shared_saver_caller (18.135844ms)
  ✔ app/mock-tests/science/mixed-7/page.tsx:636 shared_saver_caller (18.51882ms)
  ✔ app/mock-tests/science/mixed-8/page.tsx:636 shared_saver_caller (18.227331ms)
  ✔ app/mock-tests/science/mixed-9/page.tsx:636 shared_saver_caller (25.851345ms)
  ✔ app/mock-tests/science/moderate-1/page.tsx:636 shared_saver_caller (18.514012ms)
  ✔ app/mock-tests/science/moderate-10/page.tsx:636 shared_saver_caller (18.640833ms)
  ✔ app/mock-tests/science/moderate-2/page.tsx:636 shared_saver_caller (18.244688ms)
  ✔ app/mock-tests/science/moderate-3/page.tsx:636 shared_saver_caller (20.349404ms)
  ✔ app/mock-tests/science/moderate-4/page.tsx:636 shared_saver_caller (18.822427ms)
  ✔ app/mock-tests/science/moderate-5/page.tsx:636 shared_saver_caller (18.736648ms)
  ✔ app/mock-tests/science/moderate-6/page.tsx:636 shared_saver_caller (18.053639ms)
  ✔ app/mock-tests/science/moderate-7/page.tsx:636 shared_saver_caller (30.976678ms)
  ✔ app/mock-tests/science/moderate-8/page.tsx:636 shared_saver_caller (19.909273ms)
  ✔ app/mock-tests/science/moderate-9/page.tsx:636 shared_saver_caller (18.837509ms)
  ✔ app/mock-tests/social-studies/difficult-1/page.tsx:646 shared_saver_caller (17.724224ms)
  ✔ app/mock-tests/social-studies/difficult-10/page.tsx:646 shared_saver_caller (21.227481ms)
  ✔ app/mock-tests/social-studies/difficult-2/page.tsx:646 shared_saver_caller (22.798741ms)
  ✔ app/mock-tests/social-studies/difficult-3/page.tsx:646 shared_saver_caller (19.532655ms)
  ✔ app/mock-tests/social-studies/difficult-4/page.tsx:646 shared_saver_caller (31.798085ms)
  ✔ app/mock-tests/social-studies/difficult-5/page.tsx:646 shared_saver_caller (21.815892ms)
  ✔ app/mock-tests/social-studies/difficult-6/page.tsx:646 shared_saver_caller (20.939473ms)
  ✔ app/mock-tests/social-studies/difficult-7/page.tsx:646 shared_saver_caller (21.068636ms)
  ✔ app/mock-tests/social-studies/difficult-8/page.tsx:646 shared_saver_caller (23.007796ms)
  ✔ app/mock-tests/social-studies/difficult-9/page.tsx:646 shared_saver_caller (21.026784ms)
  ✔ app/mock-tests/social-studies/easy-1/page.tsx:647 shared_saver_caller (22.238447ms)
  ✔ app/mock-tests/social-studies/easy-10/page.tsx:647 shared_saver_caller (21.482681ms)
  ✔ app/mock-tests/social-studies/easy-2/page.tsx:647 shared_saver_caller (33.132072ms)
  ✔ app/mock-tests/social-studies/easy-3/page.tsx:647 shared_saver_caller (22.482435ms)
  ✔ app/mock-tests/social-studies/easy-4/page.tsx:647 shared_saver_caller (19.722422ms)
  ✔ app/mock-tests/social-studies/easy-5/page.tsx:647 shared_saver_caller (21.209399ms)
  ✔ app/mock-tests/social-studies/easy-6/page.tsx:647 shared_saver_caller (21.904996ms)
  ✔ app/mock-tests/social-studies/easy-7/page.tsx:647 shared_saver_caller (19.526637ms)
  ✔ app/mock-tests/social-studies/easy-8/page.tsx:647 shared_saver_caller (20.959462ms)
  ✔ app/mock-tests/social-studies/easy-9/page.tsx:647 shared_saver_caller (20.143095ms)
  ✔ app/mock-tests/social-studies/mixed-1/page.tsx:646 shared_saver_caller (31.162168ms)
  ✔ app/mock-tests/social-studies/mixed-10/page.tsx:646 shared_saver_caller (21.35653ms)
  ✔ app/mock-tests/social-studies/mixed-2/page.tsx:646 shared_saver_caller (21.197481ms)
  ✔ app/mock-tests/social-studies/mixed-3/page.tsx:646 shared_saver_caller (22.015212ms)
  ✔ app/mock-tests/social-studies/mixed-4/page.tsx:646 shared_saver_caller (21.952918ms)
  ✔ app/mock-tests/social-studies/mixed-5/page.tsx:646 shared_saver_caller (19.540557ms)
  ✔ app/mock-tests/social-studies/mixed-6/page.tsx:646 shared_saver_caller (19.633167ms)
  ✔ app/mock-tests/social-studies/mixed-7/page.tsx:646 shared_saver_caller (22.835246ms)
  ✔ app/mock-tests/social-studies/mixed-8/page.tsx:646 shared_saver_caller (28.830498ms)
  ✔ app/mock-tests/social-studies/mixed-9/page.tsx:646 shared_saver_caller (24.651995ms)
  ✔ app/mock-tests/social-studies/moderate-1/page.tsx:646 shared_saver_caller (20.267752ms)
  ✔ app/mock-tests/social-studies/moderate-10/page.tsx:646 shared_saver_caller (18.569066ms)
  ✔ app/mock-tests/social-studies/moderate-2/page.tsx:646 shared_saver_caller (21.579305ms)
  ✔ app/mock-tests/social-studies/moderate-3/page.tsx:646 shared_saver_caller (21.911446ms)
  ✔ app/mock-tests/social-studies/moderate-4/page.tsx:646 shared_saver_caller (18.142253ms)
  ✔ app/mock-tests/social-studies/moderate-5/page.tsx:646 shared_saver_caller (21.327105ms)
  ✔ app/mock-tests/social-studies/moderate-6/page.tsx:646 shared_saver_caller (29.813929ms)
  ✔ app/mock-tests/social-studies/moderate-7/page.tsx:646 shared_saver_caller (22.430683ms)
  ✔ app/mock-tests/social-studies/moderate-8/page.tsx:646 shared_saver_caller (18.899395ms)
  ✔ app/mock-tests/social-studies/moderate-9/page.tsx:646 shared_saver_caller (20.209538ms)
  ✔ lib/student-test-results.ts:69 direct_result_writer (0.733394ms)
  ✔ lib/student-test-results.ts:94 certificate_writer (0.648796ms)
✔ all 225 accepted census entries have exact implementation evidence and protected assessment data (5800.846491ms)
✔ client dashboard retrieval switches siblings and returns only genuine issued certificates (15.21581ms)
✔ seven frozen UX files, database, scoring/commercial modules and production configuration remain untouched (9.465712ms)
✔ forward migration repairs only the narrow trigger auth lookup boundary (1.963415ms)
✔ authoritative RPC authenticates the Parent and makes parent spoofing impossible (0.320682ms)
✔ RLS and ownership policies remain while direct browser INSERT is closed (0.194813ms)
✔ capacity is configuration-backed, effective-subscription-aware, and transactionally serialized (0.187342ms)
✔ G5-STUDENT-002 changes only the invalid least qualification in the RPC contract (0.288805ms)
✔ CORR-001 changes only the invalid coalesce qualification in the RPC contract (0.137847ms)
✔ corrected RPC schema-qualifies only legitimate pg_catalog callables (1.223612ms)
✔ successful persistence fixes Grade 5, Parent, subscription, and returns one row (0.223847ms)
✔ operation keys, not names, are the immutable retry identity (0.487033ms)
✔ explicit student creation uses the authoritative RPC; O2 never creates students from assessment records (0.625882ms)
✔ no executable browser or app path directly inserts a student (53.539864ms)
✔ no browser service credential or general auth lookup is introduced (0.401244ms)
✔ synthetic free allowance permits 0-of-1 once and refuses 1-of-1 (0.85019ms)
✔ synthetic paid allowance preserves subscription linkage (0.323256ms)
✔ synthetic unauthenticated, non-Parent, and cross-Parent calls persist nothing (0.40506ms)
✔ synthetic concurrent attempts cannot exceed authoritative capacity (0.235765ms)
✔ exact and canonically equivalent replays return the established student (0.121092ms)
✔ conflicting replay is rejected without changing the established operation (0.129515ms)
✔ a new operation key permits a same-name student when capacity permits (0.11924ms)
✔ valid replay succeeds and conflicting replay conflicts at full capacity (0.125479ms)
✔ concurrent same-key calls create one student and cross-Parent keys never replay another Parent (0.1131ms)
✔ concurrent conflicting same-key payloads establish one operation and reject the other (0.134482ms)
✔ a failed operation reserves neither a student nor its operation key (0.154923ms)
✔ student creation contains no payment, subscription activation, or offline-Cash behavior (0.193361ms)
✔ G5-ADMIN-001 is not incorporated into the student correction (0.129855ms)
✔ shared focused runner is presentation-only and carries Grade 5 identity (4.752072ms)
✔ Mixed 10 supplies its existing source and navigator to the shared runner (1.626147ms)
✔ Easy 1 keeps embedded question strings intact and supplies no derived stimulus (3.230422ms)
✔ normal site shell remains on pre-start and results branches only (4.923209ms)
✔ yearly plans are authoritative 12-calendar-month products (1.712888ms)
✔ yearly products are installed dormant in both configuration and public pricing (0.323677ms)
✔ public pricing and checkout fail closed when paid plan lookup fails (0.183687ms)
✔ subscriptions are the sole paid-entitlement authority (5.120106ms)
✔ verified payment alone, expired subscription, and future subscription remain Free (0.226851ms)
✔ Phase 6 activation is promoted once into normal migration authority (0.472461ms)
✔ Phase 6 refuses incorrect price, duration, capacity, or dormant state (2.366542ms)
✔ Phase 6 activates exactly two Yearly rows without changing existing paid plans (1.524895ms)
✔ the application already recognizes both Yearly plans after database activation (0.213962ms)
✔ calendar arithmetic handles leap day and month end (1.085603ms)
✔ same-plan renewal and monthly-to-yearly preserve paid time (0.300913ms)
✔ family monthly to family yearly remains a four-student entitlement (0.117247ms)
✔ early family-to-individual purchase cannot reduce the active family term (0.137637ms)
✔ replaying an idempotency reference never adds time (0.173751ms)
✔ bank approval and Cash recording share the private activation core (0.116235ms)
✔ parent payment mutation is closed and protected insert fields are constrained (0.115153ms)
✔ Cash is absent from public Pricing and Checkout (0.118288ms)
✔ all payment activation audit writes use the production audit schema (0.141553ms)
✔ legacy backfill is bound to the accepted payment evidence (1.770355ms)
✔ legacy backfill preserves the exact entitlement and never adds time (0.474584ms)
✔ legacy backfill has transactional replay and conflict safeguards (0.240532ms)
✔ legacy backfill privileged function is not executable by public clients (0.173772ms)
✔ synthetic legacy backfill preserves entitlement and replay is idempotent (0.230487ms)
✔ synthetic legacy backfill refuses changed payment facts (0.111808ms)
✔ synthetic legacy backfill refuses a newly effective subscription (0.138418ms)
✔ synthetic legacy backfill refuses changed historical state (0.126961ms)
ℹ tests 344
ℹ suites 0
ℹ pass 344
ℹ fail 0
ℹ cancelled 0
ℹ skipped 0
ℹ todo 0
ℹ duration_ms 6842.654971
