▲ Next.js 16.2.0 (webpack)

⚠ The "middleware" file convention is deprecated. Please use "proxy" instead. Learn more: https://nextjs.org/docs/messages/middleware-to-proxy
  Creating an optimized production build ...
Failed to fetch font `Nunito`: https://fonts.googleapis.com/css2?family=Nunito:wght@200..1000&display=swap
Please check your network connection.

Retrying 1/3...
Failed to fetch font `Nunito`: https://fonts.googleapis.com/css2?family=Nunito:wght@200..1000&display=swap
Please check your network connection.

Retrying 2/3...
Failed to fetch font `Nunito`: https://fonts.googleapis.com/css2?family=Nunito:wght@200..1000&display=swap
Please check your network connection.

Retrying 3/3...
Error: Failed to fetch font `Nunito`: https://fonts.googleapis.com/css2?family=Nunito:wght@200..1000&display=swap
Please check your network connection.
    at ignore-listed frames
Failed to compile.

app/layout.tsx
`next/font` error:
Failed to fetch `Nunito` from Google Fonts.


> Build failed because of webpack errors
